// Jest Snapshot v1, https://goo.gl/fbAQLP

exports[`render block menu check open menu click 1`] = `
<body>
  

  
    
  <meta
    charset="UTF-8"
  />
  
    
  <meta
    content="IE=edge"
    http-equiv="X-UA-Compatible"
  />
  
    
  <meta
    content="width=device-width, initial-scale=1.0"
    name="viewport"
  />
  
    
  <title>
    RSS-CSS-Selectors
  </title>
  
    
  <link
    href="./assets/icons/favicon.ico"
    rel="shortcut icon"
    type="image/x-icon"
  />
  
    
  <link
    href="./assets/icons/favicon.ico"
    rel="icon"
    type="image/x-icon"
  />
  
  
  
    
  <div
    class="modal"
  >
    
      
    <div
      class="modal__wrapper"
    >
      
        
      <img
        alt="complete"
        class="modal__img"
        src="assets/img/complete.jpg"
      />
      
        
      <button
        class="modal__button"
      >
        
          
        <img
          alt="close modal"
          class="modal__skull-close"
          src="assets/icons/pirot/shapes/skull.png"
        />
        
        
      </button>
      
      
    </div>
    
    
  </div>
  
    
  <div
    class="settings"
  >
    <img
      class="settings__open"
    />
  </div>
  
    
  <div
    class="wrap"
  >
    
      
    <main
      class="main"
    >
      
        
      <div
        class="container"
      >
        
          
        <h1
          class="game__title"
        >
          RSS-CSS-Selectors
        </h1>
        
          
        <div
          class="game"
        >
          
            
          <div
            class="game__wrapper"
          />
          
            
          <div
            class="editor"
          >
            
              
            <div
              class="editor__css"
            >
              
                
              <div
                class="editor__header"
              >
                
                  
                <div
                  class="editor__header-name"
                >
                  CSS Editor
                </div>
                
                  
                <div
                  class="editor__header-extension"
                >
                  style.css
                </div>
                
                
              </div>
              
                
              <div
                class="editor__code-wrapper"
              >
                
                  
                <div
                  class="editor__numbers"
                >
                  
                    
                  <ul
                    class="editor__list"
                  >
                    
                      
                    <li
                      class="editor__item"
                    >
                      1
                    </li>
                    
                      
                    <li
                      class="editor__item"
                    >
                      2
                    </li>
                    
                      
                    <li
                      class="editor__item"
                    >
                      3
                    </li>
                    
                      
                    <li
                      class="editor__item"
                    >
                      4
                    </li>
                    
                      
                    <li
                      class="editor__item"
                    >
                      5
                    </li>
                    
                      
                    <li
                      class="editor__item"
                    >
                      6
                    </li>
                    
                      
                    <li
                      class="editor__item"
                    >
                      7
                    </li>
                    
                      
                    <li
                      class="editor__item"
                    >
                      8
                    </li>
                    
                      
                    <li
                      class="editor__item"
                    >
                      9
                    </li>
                    
                      
                    <li
                      class="editor__item"
                    >
                      10
                    </li>
                    
                      
                    <li
                      class="editor__item"
                    >
                      11
                    </li>
                    
                      
                    <li
                      class="editor__item"
                    >
                      12
                    </li>
                    
                      
                    <li
                      class="editor__item"
                    >
                      13
                    </li>
                    
                      
                    <li
                      class="editor__item"
                    >
                      14
                    </li>
                    
                      
                    <li
                      class="editor__item"
                    >
                      15
                    </li>
                    
                      
                    <li
                      class="editor__item"
                    >
                      16
                    </li>
                    
                      
                    <li
                      class="editor__item"
                    >
                      17
                    </li>
                    
                      
                    <li
                      class="editor__item"
                    >
                      18
                    </li>
                    
                      
                    <li
                      class="editor__item"
                    >
                      19
                    </li>
                    
                      
                    <li
                      class="editor__item"
                    >
                      20
                    </li>
                    
                    
                  </ul>
                  
                  
                </div>
                
                  
                <div
                  class="editor__selector"
                />
                
                
              </div>
              
              
            </div>
            
              
            <div
              class="editor__html"
            >
              
                
              <div
                class="editor__header"
              >
                
                  
                <div
                  class="editor__header-name"
                >
                  HTML Viewer
                </div>
                
                  
                <div
                  class="editor__header-extension"
                >
                  table.html
                </div>
                
                
              </div>
              
                
              <div
                class="editor__code-wrapper"
              >
                
                  
                <div
                  class="editor__numbers"
                >
                  
                    
                  <ul
                    class="editor__list"
                  >
                    
                      
                    <li
                      class="editor__item"
                    >
                      1
                    </li>
                    
                      
                    <li
                      class="editor__item"
                    >
                      2
                    </li>
                    
                      
                    <li
                      class="editor__item"
                    >
                      3
                    </li>
                    
                      
                    <li
                      class="editor__item"
                    >
                      4
                    </li>
                    
                      
                    <li
                      class="editor__item"
                    >
                      5
                    </li>
                    
                      
                    <li
                      class="editor__item"
                    >
                      6
                    </li>
                    
                      
                    <li
                      class="editor__item"
                    >
                      7
                    </li>
                    
                      
                    <li
                      class="editor__item"
                    >
                      8
                    </li>
                    
                      
                    <li
                      class="editor__item"
                    >
                      9
                    </li>
                    
                      
                    <li
                      class="editor__item"
                    >
                      10
                    </li>
                    
                      
                    <li
                      class="editor__item"
                    >
                      11
                    </li>
                    
                      
                    <li
                      class="editor__item"
                    >
                      12
                    </li>
                    
                      
                    <li
                      class="editor__item"
                    >
                      13
                    </li>
                    
                      
                    <li
                      class="editor__item"
                    >
                      14
                    </li>
                    
                      
                    <li
                      class="editor__item"
                    >
                      15
                    </li>
                    
                      
                    <li
                      class="editor__item"
                    >
                      16
                    </li>
                    
                      
                    <li
                      class="editor__item"
                    >
                      17
                    </li>
                    
                      
                    <li
                      class="editor__item"
                    >
                      18
                    </li>
                    
                      
                    <li
                      class="editor__item"
                    >
                      19
                    </li>
                    
                      
                    <li
                      class="editor__item"
                    >
                      20
                    </li>
                    
                    
                  </ul>
                  
                  
                </div>
                
                  
                <pre
                  class="editor__code"
                />
                
                
              </div>
              
              
            </div>
            
            
          </div>
          
          
        </div>
        
        
      </div>
      
      
    </main>
    
      
    <footer
      class="footer"
    >
      
        
      <div
        class="container footer__wrapper"
      >
        
          
        <a
          href="https://github.com/Maxxx1mHR"
        >
          
            
          <img
            alt="GitHub"
            class="footer__img-git"
            src="assets/icons/interaction/github.png"
          />
          
          
        </a>
        
          
        <div
          class="footer__year"
        >
          2023
        </div>
        
          
        <a
          href="https://rs.school/js/"
        >
          
            
          <img
            alt="rs school"
            class="footer__img-rsschool"
            src="assets/icons/interaction/rs_school_js.svg"
          />
          
          
        </a>
        
        
      </div>
      
      
    </footer>
    
    
  </div>
  
    
  <div
    class="menu"
  >
    
      
    <div
      class="menu__block"
    >
      
        
      <div
        class="menu__header"
      >
        <div
          class="menu__level"
        >
          Level 1 of 10
        </div>
        <div
          class="menu__level-switch"
        >
          <img
            class="menu__prev"
          />
          <img
            class="menu__next"
          />
        </div>
      </div>
      
        
      <div
        class="menu__task"
      >
        
          
        <div
          class="menu__description"
        >
          <div
            class="menu__description-title"
          >
            Type Selector
          </div>
          <div
            class="menu__description-task"
          >
            Select elements by their type
          </div>
          <div
            class="menu__description-attribute"
          >
            <span>
              A
            </span>
          </div>
          <div
            class="menu__description-correction"
          >
            Selects all elements of type 
            <span>
              A
            </span>
            . Type refers to the type of tag, so 
            <span>
              &lt;div&gt;
            </span>
            , 
            <span>
              &lt;p&gt;
            </span>
             and 
            <span>
              &lt;ul&gt;
            </span>
             are all different element types.
          </div>
        </div>
        
          
        <div
          class="menu__example"
        >
          <div
            class="menu__example-title"
          >
            Example
          </div>
          <div
            class="menu__example-solution"
          >
            <span>
              div
            </span>
             selects all 
            <span>
              &lt;div&gt;
            </span>
             elements
          </div>
        </div>
        
        
      </div>
      
        
      <div
        class="menu__levels"
      >
        
          
        <div
          class="menu__wrapper"
        >
          <div
            class="menu__levels-title"
          >
            Chose the level
          </div>
          <img
            class="menu__reset"
          />
        </div>
        
          
        <ul
          class="menu__levels-list"
        >
          <li
            class="menu__levels-item menu__current-level"
            id="1"
          >
            Level 1 - Type Selector
          </li>
          <li
            class="menu__levels-item"
            id="2"
          >
            Level 2 - Type Selector
          </li>
          <li
            class="menu__levels-item"
            id="3"
          >
            Level 3 - ID Selector
          </li>
          <li
            class="menu__levels-item"
            id="4"
          >
            Level 4 - Descendant Selector
          </li>
          <li
            class="menu__levels-item"
            id="5"
          >
            Level 5 - Descendant ID Selector
          </li>
          <li
            class="menu__levels-item"
            id="6"
          >
            Level 6 - Comma Combinator and attribute selector
          </li>
          <li
            class="menu__levels-item"
            id="7"
          >
            Level 7 - First of Type Selector
          </li>
          <li
            class="menu__levels-item"
            id="8"
          >
            Level 8 - Last of Type Selector & Nth of Type Selector
          </li>
          <li
            class="menu__levels-item"
            id="9"
          >
            Level 9 - Nth сhild range
          </li>
          <li
            class="menu__levels-item"
            id="10"
          >
            Level 10 - Nth of Type Selector
          </li>
        </ul>
        
        
      </div>
      
        
      <div
        class="menu__close"
      >
        <img
          class="close"
        />
      </div>
      
      
    </div>
    
    
  </div>
  
  


</body>
`;
